mode: set
github.com/itsjustabavaar/oh-my-gosh/internal/models/migrations.go:7.35,9.16 2 0
github.com/itsjustabavaar/oh-my-gosh/internal/models/migrations.go:9.16,11.3 1 0
github.com/itsjustabavaar/oh-my-gosh/internal/models/migrations.go:13.2,14.16 2 0
github.com/itsjustabavaar/oh-my-gosh/internal/models/migrations.go:14.16,16.3 1 0
github.com/itsjustabavaar/oh-my-gosh/internal/models/migrations.go:18.2,18.12 1 0
github.com/itsjustabavaar/oh-my-gosh/internal/basiccommands/cat.go:17.32,20.26 2 0
github.com/itsjustabavaar/oh-my-gosh/internal/basiccommands/cat.go:20.26,23.3 2 0
github.com/itsjustabavaar/oh-my-gosh/internal/basiccommands/cat.go:25.2,25.39 1 0
github.com/itsjustabavaar/oh-my-gosh/internal/basiccommands/cat.go:25.39,27.20 2 0
github.com/itsjustabavaar/oh-my-gosh/internal/basiccommands/cat.go:27.20,29.12 2 0
github.com/itsjustabavaar/oh-my-gosh/internal/basiccommands/cat.go:31.3,31.33 1 0
github.com/itsjustabavaar/oh-my-gosh/internal/basiccommands/cat.go:35.47,40.20 3 0
github.com/itsjustabavaar/oh-my-gosh/internal/basiccommands/cat.go:40.20,41.29 1 0
github.com/itsjustabavaar/oh-my-gosh/internal/basiccommands/cat.go:41.29,43.4 1 0
github.com/itsjustabavaar/oh-my-gosh/internal/basiccommands/cat.go:45.3,45.42 1 0
github.com/itsjustabavaar/oh-my-gosh/internal/basiccommands/cat.go:48.2,48.28 1 0
github.com/itsjustabavaar/oh-my-gosh/internal/basiccommands/cat.go:48.28,50.3 1 0
github.com/itsjustabavaar/oh-my-gosh/internal/basiccommands/cat.go:52.2,56.24 3 0
github.com/itsjustabavaar/oh-my-gosh/internal/basiccommands/cd.go:21.31,30.9 5 0
github.com/itsjustabavaar/oh-my-gosh/internal/basiccommands/cd.go:32.28,35.9 3 0
github.com/itsjustabavaar/oh-my-gosh/internal/basiccommands/cd.go:37.27,39.9 2 0
github.com/itsjustabavaar/oh-my-gosh/internal/basiccommands/cd.go:41.10,41.10 0 0
github.com/itsjustabavaar/oh-my-gosh/internal/basiccommands/cd.go:45.2,47.9 2 0
github.com/itsjustabavaar/oh-my-gosh/internal/basiccommands/cd.go:49.35,51.30 2 0
github.com/itsjustabavaar/oh-my-gosh/internal/basiccommands/cd.go:51.30,53.4 1 0
github.com/itsjustabavaar/oh-my-gosh/internal/basiccommands/cd.go:54.3,54.43 1 0
github.com/itsjustabavaar/oh-my-gosh/internal/basiccommands/cd.go:56.52,57.86 1 0
github.com/itsjustabavaar/oh-my-gosh/internal/basiccommands/cd.go:59.10,62.44 3 0
github.com/itsjustabavaar/oh-my-gosh/internal/basiccommands/cd.go:62.44,65.39 3 0
github.com/itsjustabavaar/oh-my-gosh/internal/basiccommands/cd.go:65.39,69.5 3 0
github.com/itsjustabavaar/oh-my-gosh/internal/basiccommands/cd.go:74.2,75.16 2 0
github.com/itsjustabavaar/oh-my-gosh/internal/basiccommands/cd.go:75.16,78.31 2 0
github.com/itsjustabavaar/oh-my-gosh/internal/basiccommands/cd.go:78.31,79.11 1 0
github.com/itsjustabavaar/oh-my-gosh/internal/basiccommands/cd.go:80.48,82.11 2 0
github.com/itsjustabavaar/oh-my-gosh/internal/basiccommands/cd.go:83.12,85.11 2 0
github.com/itsjustabavaar/oh-my-gosh/internal/basiccommands/cd.go:90.2,100.29 6 0
github.com/itsjustabavaar/oh-my-gosh/internal/basiccommands/echo.go:14.33,16.82 2 0
github.com/itsjustabavaar/oh-my-gosh/internal/basiccommands/echo.go:16.82,19.3 2 0
github.com/itsjustabavaar/oh-my-gosh/internal/basiccommands/echo.go:20.2,20.84 1 0
github.com/itsjustabavaar/oh-my-gosh/internal/basiccommands/echo.go:20.84,23.3 2 0
github.com/itsjustabavaar/oh-my-gosh/internal/basiccommands/echo.go:25.2,27.39 2 0
github.com/itsjustabavaar/oh-my-gosh/internal/basiccommands/echo.go:27.39,28.36 1 0
github.com/itsjustabavaar/oh-my-gosh/internal/basiccommands/echo.go:28.36,32.45 2 0
github.com/itsjustabavaar/oh-my-gosh/internal/basiccommands/echo.go:32.45,34.5 1 0
github.com/itsjustabavaar/oh-my-gosh/internal/basiccommands/echo.go:36.4,36.45 1 0
github.com/itsjustabavaar/oh-my-gosh/internal/basiccommands/echo.go:39.3,39.28 1 0
github.com/itsjustabavaar/oh-my-gosh/internal/basiccommands/echo.go:42.2,42.51 1 0
github.com/itsjustabavaar/oh-my-gosh/internal/basiccommands/echo.go:45.54,50.41 3 0
github.com/itsjustabavaar/oh-my-gosh/internal/basiccommands/echo.go:50.41,53.14 2 0
github.com/itsjustabavaar/oh-my-gosh/internal/basiccommands/echo.go:53.14,54.66 1 0
github.com/itsjustabavaar/oh-my-gosh/internal/basiccommands/echo.go:54.66,56.5 1 0
github.com/itsjustabavaar/oh-my-gosh/internal/basiccommands/echo.go:56.10,58.5 1 0
github.com/itsjustabavaar/oh-my-gosh/internal/basiccommands/echo.go:59.4,59.19 1 0
github.com/itsjustabavaar/oh-my-gosh/internal/basiccommands/echo.go:60.9,60.23 1 0
github.com/itsjustabavaar/oh-my-gosh/internal/basiccommands/echo.go:60.23,62.4 1 0
github.com/itsjustabavaar/oh-my-gosh/internal/basiccommands/echo.go:62.9,62.22 1 0
github.com/itsjustabavaar/oh-my-gosh/internal/basiccommands/echo.go:62.22,63.31 1 0
github.com/itsjustabavaar/oh-my-gosh/internal/basiccommands/echo.go:63.31,71.36 3 0
github.com/itsjustabavaar/oh-my-gosh/internal/basiccommands/echo.go:71.36,73.6 1 0
github.com/itsjustabavaar/oh-my-gosh/internal/basiccommands/echo.go:75.5,75.26 1 0
github.com/itsjustabavaar/oh-my-gosh/internal/basiccommands/echo.go:75.26,79.6 3 0
github.com/itsjustabavaar/oh-my-gosh/internal/basiccommands/echo.go:79.11,81.6 1 0
github.com/itsjustabavaar/oh-my-gosh/internal/basiccommands/echo.go:82.10,84.5 1 0
github.com/itsjustabavaar/oh-my-gosh/internal/basiccommands/echo.go:85.9,87.4 1 0
github.com/itsjustabavaar/oh-my-gosh/internal/basiccommands/echo.go:90.2,90.13 1 0
github.com/itsjustabavaar/oh-my-gosh/internal/basiccommands/echo.go:90.13,92.3 1 0
github.com/itsjustabavaar/oh-my-gosh/internal/basiccommands/echo.go:94.2,94.15 1 0
github.com/itsjustabavaar/oh-my-gosh/internal/basiccommands/exit.go:17.33,21.25 3 0
github.com/itsjustabavaar/oh-my-gosh/internal/basiccommands/exit.go:21.25,24.3 2 0
github.com/itsjustabavaar/oh-my-gosh/internal/basiccommands/exit.go:26.2,26.26 1 0
github.com/itsjustabavaar/oh-my-gosh/internal/basiccommands/exit.go:26.26,29.3 2 0
github.com/itsjustabavaar/oh-my-gosh/internal/basiccommands/exit.go:29.8,31.17 2 0
github.com/itsjustabavaar/oh-my-gosh/internal/basiccommands/exit.go:31.17,34.4 2 0
github.com/itsjustabavaar/oh-my-gosh/internal/basiccommands/exit.go:36.3,36.19 1 0
github.com/itsjustabavaar/oh-my-gosh/internal/basiccommands/exit.go:39.2,39.21 1 0
github.com/itsjustabavaar/oh-my-gosh/internal/basiccommands/exit.go:39.21,41.3 1 0
github.com/itsjustabavaar/oh-my-gosh/internal/basiccommands/gosh.go:11.33,14.2 2 0
github.com/itsjustabavaar/oh-my-gosh/internal/basiccommands/history.go:27.36,30.53 2 0
github.com/itsjustabavaar/oh-my-gosh/internal/basiccommands/history.go:30.53,32.25 2 0
github.com/itsjustabavaar/oh-my-gosh/internal/basiccommands/history.go:32.25,35.4 2 0
github.com/itsjustabavaar/oh-my-gosh/internal/basiccommands/history.go:36.3,37.9 2 0
github.com/itsjustabavaar/oh-my-gosh/internal/basiccommands/history.go:40.2,43.37 3 0
github.com/itsjustabavaar/oh-my-gosh/internal/basiccommands/history.go:43.37,45.17 2 0
github.com/itsjustabavaar/oh-my-gosh/internal/basiccommands/history.go:45.17,48.4 2 0
github.com/itsjustabavaar/oh-my-gosh/internal/basiccommands/history.go:49.8,51.17 2 0
github.com/itsjustabavaar/oh-my-gosh/internal/basiccommands/history.go:51.17,54.4 2 0
github.com/itsjustabavaar/oh-my-gosh/internal/basiccommands/history.go:57.2,59.29 2 0
github.com/itsjustabavaar/oh-my-gosh/internal/basiccommands/history.go:62.62,69.2 2 0
github.com/itsjustabavaar/oh-my-gosh/internal/basiccommands/history.go:71.42,77.2 2 0
github.com/itsjustabavaar/oh-my-gosh/internal/basiccommands/history.go:79.46,80.42 1 0
github.com/itsjustabavaar/oh-my-gosh/internal/basiccommands/history.go:80.42,81.38 1 0
github.com/itsjustabavaar/oh-my-gosh/internal/basiccommands/history.go:81.38,83.4 1 0
github.com/itsjustabavaar/oh-my-gosh/internal/basiccommands/history.go:83.9,85.18 2 0
github.com/itsjustabavaar/oh-my-gosh/internal/basiccommands/history.go:85.18,87.5 1 0
github.com/itsjustabavaar/oh-my-gosh/internal/basiccommands/history.go:90.2,90.12 1 0
github.com/itsjustabavaar/oh-my-gosh/internal/basiccommands/history.go:93.57,107.16 3 0
github.com/itsjustabavaar/oh-my-gosh/internal/basiccommands/history.go:107.16,109.3 1 0
github.com/itsjustabavaar/oh-my-gosh/internal/basiccommands/history.go:111.2,113.33 2 0
github.com/itsjustabavaar/oh-my-gosh/internal/basiccommands/history.go:113.33,119.3 1 0
github.com/itsjustabavaar/oh-my-gosh/internal/basiccommands/history.go:121.2,121.23 1 0
github.com/itsjustabavaar/oh-my-gosh/internal/basiccommands/history.go:124.62,127.46 2 0
github.com/itsjustabavaar/oh-my-gosh/internal/basiccommands/history.go:127.46,128.26 1 0
github.com/itsjustabavaar/oh-my-gosh/internal/basiccommands/history.go:128.26,129.12 1 0
github.com/itsjustabavaar/oh-my-gosh/internal/basiccommands/history.go:132.3,133.14 2 0
github.com/itsjustabavaar/oh-my-gosh/internal/basiccommands/history.go:133.14,139.4 1 0
github.com/itsjustabavaar/oh-my-gosh/internal/basiccommands/history.go:139.9,142.49 2 0
github.com/itsjustabavaar/oh-my-gosh/internal/basiccommands/history.go:142.49,144.5 1 0
github.com/itsjustabavaar/oh-my-gosh/internal/basiccommands/history.go:148.2,149.37 2 0
github.com/itsjustabavaar/oh-my-gosh/internal/basiccommands/history.go:149.37,151.3 1 0
github.com/itsjustabavaar/oh-my-gosh/internal/basiccommands/history.go:153.2,153.44 1 0
github.com/itsjustabavaar/oh-my-gosh/internal/basiccommands/history.go:153.44,154.47 1 0
github.com/itsjustabavaar/oh-my-gosh/internal/basiccommands/history.go:154.47,156.4 1 0
github.com/itsjustabavaar/oh-my-gosh/internal/basiccommands/history.go:158.3,158.64 1 0
github.com/itsjustabavaar/oh-my-gosh/internal/basiccommands/history.go:161.2,161.23 1 0
github.com/itsjustabavaar/oh-my-gosh/internal/basiccommands/history.go:164.67,165.25 1 0
github.com/itsjustabavaar/oh-my-gosh/internal/basiccommands/history.go:165.25,167.3 1 0
github.com/itsjustabavaar/oh-my-gosh/internal/basiccommands/history.go:169.2,170.36 2 0
github.com/itsjustabavaar/oh-my-gosh/internal/basiccommands/history.go:170.36,171.46 1 0
github.com/itsjustabavaar/oh-my-gosh/internal/basiccommands/history.go:171.46,173.4 1 0
github.com/itsjustabavaar/oh-my-gosh/internal/basiccommands/history.go:176.2,178.36 2 0
github.com/itsjustabavaar/oh-my-gosh/internal/basiccommands/history.go:178.36,189.3 9 0
github.com/itsjustabavaar/oh-my-gosh/internal/basiccommands/history.go:191.2,191.41 1 0
github.com/itsjustabavaar/oh-my-gosh/internal/basiccommands/history.go:194.27,195.37 1 0
github.com/itsjustabavaar/oh-my-gosh/internal/basiccommands/history.go:195.37,198.3 2 0
github.com/itsjustabavaar/oh-my-gosh/internal/basiccommands/history.go:200.2,202.12 2 0
github.com/itsjustabavaar/oh-my-gosh/internal/basiccommands/home.go:15.33,21.2 3 0
github.com/itsjustabavaar/oh-my-gosh/internal/basiccommands/pwd.go:14.32,17.2 2 0
github.com/itsjustabavaar/oh-my-gosh/internal/basiccommands/type.go:20.33,22.26 2 0
github.com/itsjustabavaar/oh-my-gosh/internal/basiccommands/type.go:22.26,25.3 2 0
github.com/itsjustabavaar/oh-my-gosh/internal/basiccommands/type.go:27.2,27.39 1 0
github.com/itsjustabavaar/oh-my-gosh/internal/basiccommands/type.go:27.39,29.32 2 0
github.com/itsjustabavaar/oh-my-gosh/internal/basiccommands/type.go:29.32,30.54 1 0
github.com/itsjustabavaar/oh-my-gosh/internal/basiccommands/type.go:30.54,34.5 3 0
github.com/itsjustabavaar/oh-my-gosh/internal/basiccommands/type.go:36.3,37.17 2 0
github.com/itsjustabavaar/oh-my-gosh/internal/basiccommands/type.go:37.17,39.12 2 0
github.com/itsjustabavaar/oh-my-gosh/internal/basiccommands/type.go:42.3,42.28 1 0
github.com/itsjustabavaar/oh-my-gosh/internal/basiccommands/type.go:46.52,48.49 2 0
github.com/itsjustabavaar/oh-my-gosh/internal/basiccommands/type.go:48.49,50.3 1 0
github.com/itsjustabavaar/oh-my-gosh/internal/basiccommands/type.go:52.2,55.22 3 0
github.com/itsjustabavaar/oh-my-gosh/internal/basiccommands/type.go:56.17,58.24 2 0
github.com/itsjustabavaar/oh-my-gosh/internal/basiccommands/type.go:59.15,60.50 1 0
github.com/itsjustabavaar/oh-my-gosh/internal/basiccommands/type.go:61.10,62.36 1 0
github.com/itsjustabavaar/oh-my-gosh/internal/basiccommands/type.go:65.2,65.41 1 0
github.com/itsjustabavaar/oh-my-gosh/internal/basiccommands/type.go:65.41,67.17 2 0
github.com/itsjustabavaar/oh-my-gosh/internal/basiccommands/type.go:67.17,69.4 1 0
github.com/itsjustabavaar/oh-my-gosh/internal/basiccommands/type.go:71.3,71.9 1 0
github.com/itsjustabavaar/oh-my-gosh/internal/basiccommands/type.go:71.9,73.4 1 0
github.com/itsjustabavaar/oh-my-gosh/internal/basiccommands/type.go:76.2,76.70 1 0
github.com/itsjustabavaar/oh-my-gosh/internal/basiccommands/type.go:79.67,83.16 3 0
github.com/itsjustabavaar/oh-my-gosh/internal/basiccommands/type.go:83.16,85.3 1 0
github.com/itsjustabavaar/oh-my-gosh/internal/basiccommands/type.go:87.2,87.24 1 0
github.com/itsjustabavaar/oh-my-gosh/internal/basiccommands/type.go:87.24,89.3 1 0
github.com/itsjustabavaar/oh-my-gosh/internal/basiccommands/type.go:91.2,91.19 1 0
github.com/itsjustabavaar/oh-my-gosh/internal/database/database.go:20.13,32.16 3 0
github.com/itsjustabavaar/oh-my-gosh/internal/database/database.go:32.16,34.13 2 0
github.com/itsjustabavaar/oh-my-gosh/internal/database/database.go:37.2,37.14 1 0
github.com/itsjustabavaar/oh-my-gosh/internal/database/database.go:40.23,42.2 1 0
github.com/itsjustabavaar/oh-my-gosh/internal/auth/add_user.go:16.36,20.25 3 0
github.com/itsjustabavaar/oh-my-gosh/internal/auth/add_user.go:21.9,23.9 2 0
github.com/itsjustabavaar/oh-my-gosh/internal/auth/add_user.go:24.9,25.27 1 0
github.com/itsjustabavaar/oh-my-gosh/internal/auth/add_user.go:26.9,27.52 1 0
github.com/itsjustabavaar/oh-my-gosh/internal/auth/add_user.go:28.10,30.9 2 0
github.com/itsjustabavaar/oh-my-gosh/internal/auth/add_user.go:33.2,34.16 2 0
github.com/itsjustabavaar/oh-my-gosh/internal/auth/add_user.go:34.16,37.3 2 0
github.com/itsjustabavaar/oh-my-gosh/internal/auth/add_user.go:39.2,40.29 2 0
github.com/itsjustabavaar/oh-my-gosh/internal/auth/login.go:16.34,20.25 3 0
github.com/itsjustabavaar/oh-my-gosh/internal/auth/login.go:21.9,23.9 2 0
github.com/itsjustabavaar/oh-my-gosh/internal/auth/login.go:24.9,25.27 1 0
github.com/itsjustabavaar/oh-my-gosh/internal/auth/login.go:26.9,27.52 1 0
github.com/itsjustabavaar/oh-my-gosh/internal/auth/login.go:28.10,30.9 2 0
github.com/itsjustabavaar/oh-my-gosh/internal/auth/login.go:33.2,34.16 2 0
github.com/itsjustabavaar/oh-my-gosh/internal/auth/login.go:34.16,37.3 2 0
github.com/itsjustabavaar/oh-my-gosh/internal/auth/login.go:39.2,43.29 3 0
github.com/itsjustabavaar/oh-my-gosh/internal/auth/logout.go:15.35,16.37 1 0
github.com/itsjustabavaar/oh-my-gosh/internal/auth/logout.go:16.37,19.3 2 0
github.com/itsjustabavaar/oh-my-gosh/internal/auth/logout.go:21.2,25.29 3 0
github.com/itsjustabavaar/oh-my-gosh/internal/auth/whoami.go:12.35,15.37 2 0
github.com/itsjustabavaar/oh-my-gosh/internal/auth/whoami.go:15.37,17.3 1 0
github.com/itsjustabavaar/oh-my-gosh/internal/auth/whoami.go:19.2,19.29 1 0
github.com/itsjustabavaar/oh-my-gosh/internal/redirections/redirections.go:11.63,14.30 2 0
github.com/itsjustabavaar/oh-my-gosh/internal/redirections/redirections.go:14.30,18.62 3 0
github.com/itsjustabavaar/oh-my-gosh/internal/redirections/redirections.go:18.62,20.18 2 0
github.com/itsjustabavaar/oh-my-gosh/internal/redirections/redirections.go:20.18,24.5 2 0
github.com/itsjustabavaar/oh-my-gosh/internal/redirections/redirections.go:26.4,27.15 2 0
github.com/itsjustabavaar/oh-my-gosh/internal/redirections/redirections.go:33.2,33.12 1 0
github.com/itsjustabavaar/oh-my-gosh/internal/redirections/redirections.go:36.88,40.26 3 0
github.com/itsjustabavaar/oh-my-gosh/internal/redirections/redirections.go:42.17,44.17 2 0
github.com/itsjustabavaar/oh-my-gosh/internal/redirections/redirections.go:44.17,46.4 1 0
github.com/itsjustabavaar/oh-my-gosh/internal/redirections/redirections.go:48.3,48.29 1 0
github.com/itsjustabavaar/oh-my-gosh/internal/redirections/redirections.go:50.19,52.17 2 0
github.com/itsjustabavaar/oh-my-gosh/internal/redirections/redirections.go:52.17,54.4 1 0
github.com/itsjustabavaar/oh-my-gosh/internal/redirections/redirections.go:56.3,56.29 1 0
github.com/itsjustabavaar/oh-my-gosh/internal/redirections/redirections.go:58.12,60.17 2 0
github.com/itsjustabavaar/oh-my-gosh/internal/redirections/redirections.go:60.17,62.4 1 0
github.com/itsjustabavaar/oh-my-gosh/internal/redirections/redirections.go:64.3,64.28 1 0
github.com/itsjustabavaar/oh-my-gosh/internal/redirections/redirections.go:66.13,68.17 2 0
github.com/itsjustabavaar/oh-my-gosh/internal/redirections/redirections.go:68.17,70.4 1 0
github.com/itsjustabavaar/oh-my-gosh/internal/redirections/redirections.go:72.3,72.28 1 0
github.com/itsjustabavaar/oh-my-gosh/internal/redirections/redirections.go:74.12,76.17 2 0
github.com/itsjustabavaar/oh-my-gosh/internal/redirections/redirections.go:76.17,78.4 1 0
github.com/itsjustabavaar/oh-my-gosh/internal/redirections/redirections.go:80.3,80.55 1 0
github.com/itsjustabavaar/oh-my-gosh/internal/redirections/redirections.go:82.13,84.17 2 0
github.com/itsjustabavaar/oh-my-gosh/internal/redirections/redirections.go:84.17,86.4 1 0
github.com/itsjustabavaar/oh-my-gosh/internal/redirections/redirections.go:88.3,88.55 1 0
github.com/itsjustabavaar/oh-my-gosh/internal/redirections/redirections.go:91.2,91.18 1 0
github.com/itsjustabavaar/oh-my-gosh/internal/redirections/redirections.go:94.78,95.28 1 0
github.com/itsjustabavaar/oh-my-gosh/internal/redirections/redirections.go:95.28,98.3 2 0
github.com/itsjustabavaar/oh-my-gosh/internal/redirections/redirections.go:100.2,100.26 1 0
github.com/itsjustabavaar/oh-my-gosh/internal/redirections/redirections.go:100.26,102.17 2 0
github.com/itsjustabavaar/oh-my-gosh/internal/redirections/redirections.go:102.17,104.4 1 0
github.com/itsjustabavaar/oh-my-gosh/internal/redirections/redirections.go:106.3,106.19 1 0
github.com/itsjustabavaar/oh-my-gosh/internal/redirections/redirections.go:109.2,109.34 1 0
github.com/itsjustabavaar/oh-my-gosh/internal/redirections/redirections.go:112.31,114.16 2 0
github.com/itsjustabavaar/oh-my-gosh/internal/redirections/redirections.go:114.16,116.3 1 0
github.com/itsjustabavaar/oh-my-gosh/internal/redirections/redirections.go:119.35,122.38 2 0
github.com/itsjustabavaar/oh-my-gosh/internal/redirections/redirections.go:122.38,124.3 1 0
github.com/itsjustabavaar/oh-my-gosh/internal/redirections/redirections.go:126.2,126.37 1 0
github.com/itsjustabavaar/oh-my-gosh/internal/redirections/redirections.go:126.37,128.3 1 0
github.com/itsjustabavaar/oh-my-gosh/internal/systemcommands/system_commands.go:18.35,22.31 3 0
github.com/itsjustabavaar/oh-my-gosh/internal/systemcommands/system_commands.go:22.31,24.9 2 0
github.com/itsjustabavaar/oh-my-gosh/internal/systemcommands/system_commands.go:24.9,28.4 3 0
github.com/itsjustabavaar/oh-my-gosh/internal/systemcommands/system_commands.go:31.2,32.16 2 0
github.com/itsjustabavaar/oh-my-gosh/internal/systemcommands/system_commands.go:32.16,35.3 2 0
github.com/itsjustabavaar/oh-my-gosh/internal/systemcommands/system_commands.go:36.2,41.16 4 0
github.com/itsjustabavaar/oh-my-gosh/internal/systemcommands/system_commands.go:41.16,44.3 2 0
github.com/itsjustabavaar/oh-my-gosh/internal/systemcommands/system_commands.go:46.2,47.8 2 0
github.com/itsjustabavaar/oh-my-gosh/cmd/shell/main.go:17.13,23.16 4 0
github.com/itsjustabavaar/oh-my-gosh/cmd/shell/main.go:23.16,26.3 2 0
github.com/itsjustabavaar/oh-my-gosh/cmd/shell/main.go:28.2,28.6 1 0
github.com/itsjustabavaar/oh-my-gosh/cmd/shell/main.go:28.6,31.22 2 0
github.com/itsjustabavaar/oh-my-gosh/cmd/shell/main.go:31.22,32.9 1 0
github.com/itsjustabavaar/oh-my-gosh/cmd/shell/main.go:35.3,37.18 2 0
github.com/itsjustabavaar/oh-my-gosh/cmd/shell/main.go:37.18,38.12 1 0
github.com/itsjustabavaar/oh-my-gosh/cmd/shell/main.go:41.3,42.17 2 0
github.com/itsjustabavaar/oh-my-gosh/cmd/shell/main.go:42.17,45.4 2 0
github.com/itsjustabavaar/oh-my-gosh/cmd/shell/main.go:47.3,47.75 1 0
github.com/itsjustabavaar/oh-my-gosh/cmd/shell/main.go:47.75,49.18 2 0
github.com/itsjustabavaar/oh-my-gosh/cmd/shell/main.go:49.18,52.5 2 0
github.com/itsjustabavaar/oh-my-gosh/cmd/shell/main.go:53.4,53.12 1 0
github.com/itsjustabavaar/oh-my-gosh/cmd/shell/main.go:56.3,56.30 1 0
github.com/itsjustabavaar/oh-my-gosh/cmd/shell/main.go:60.20,63.2 2 0
github.com/itsjustabavaar/oh-my-gosh/utils/utils.go:15.65,18.39 3 0
github.com/itsjustabavaar/oh-my-gosh/utils/utils.go:18.39,19.22 1 0
github.com/itsjustabavaar/oh-my-gosh/utils/utils.go:19.22,21.4 1 0
github.com/itsjustabavaar/oh-my-gosh/utils/utils.go:23.2,23.25 1 0
github.com/itsjustabavaar/oh-my-gosh/utils/utils.go:26.26,29.31 2 0
github.com/itsjustabavaar/oh-my-gosh/utils/utils.go:29.31,31.3 1 0
github.com/itsjustabavaar/oh-my-gosh/utils/utils.go:31.8,33.3 1 0
github.com/itsjustabavaar/oh-my-gosh/utils/utils.go:35.2,38.16 3 0
github.com/itsjustabavaar/oh-my-gosh/utils/utils.go:38.16,40.3 1 0
github.com/itsjustabavaar/oh-my-gosh/utils/utils.go:42.2,42.12 1 0
github.com/itsjustabavaar/oh-my-gosh/utils/utils.go:45.48,48.2 2 0
github.com/itsjustabavaar/oh-my-gosh/utils/utils.go:50.41,52.2 1 0
github.com/itsjustabavaar/oh-my-gosh/utils/utils.go:54.33,56.2 1 0
github.com/itsjustabavaar/oh-my-gosh/utils/utils.go:58.24,61.16 2 0
github.com/itsjustabavaar/oh-my-gosh/utils/utils.go:61.16,64.3 2 0
github.com/itsjustabavaar/oh-my-gosh/utils/utils.go:65.2,69.12 3 0
github.com/itsjustabavaar/oh-my-gosh/utils/utils.go:69.12,73.3 3 0
github.com/itsjustabavaar/oh-my-gosh/utils/utils.go:76.35,79.40 2 0
github.com/itsjustabavaar/oh-my-gosh/utils/utils.go:79.40,81.3 1 0
github.com/itsjustabavaar/oh-my-gosh/utils/utils.go:83.2,84.16 2 0
github.com/itsjustabavaar/oh-my-gosh/utils/utils.go:84.16,86.3 1 0
github.com/itsjustabavaar/oh-my-gosh/utils/utils.go:88.2,88.72 1 0
github.com/itsjustabavaar/oh-my-gosh/utils/utils.go:88.72,90.3 1 0
github.com/itsjustabavaar/oh-my-gosh/utils/utils.go:92.2,92.25 1 0
github.com/itsjustabavaar/oh-my-gosh/internal/database/database.go:20.13,32.16 3 1
github.com/itsjustabavaar/oh-my-gosh/internal/database/database.go:32.16,34.13 2 0
github.com/itsjustabavaar/oh-my-gosh/internal/database/database.go:37.2,37.14 1 1
github.com/itsjustabavaar/oh-my-gosh/internal/database/database.go:40.23,42.2 1 1
github.com/itsjustabavaar/oh-my-gosh/internal/models/migrations.go:7.35,9.16 2 0
github.com/itsjustabavaar/oh-my-gosh/internal/models/migrations.go:9.16,11.3 1 0
github.com/itsjustabavaar/oh-my-gosh/internal/models/migrations.go:13.2,14.16 2 0
github.com/itsjustabavaar/oh-my-gosh/internal/models/migrations.go:14.16,16.3 1 0
github.com/itsjustabavaar/oh-my-gosh/internal/models/migrations.go:18.2,18.12 1 0
github.com/itsjustabavaar/oh-my-gosh/internal/user/user.go:11.52,13.16 2 1
github.com/itsjustabavaar/oh-my-gosh/internal/user/user.go:13.16,15.3 1 0
github.com/itsjustabavaar/oh-my-gosh/internal/user/user.go:17.2,17.33 1 1
github.com/itsjustabavaar/oh-my-gosh/internal/user/user.go:20.64,24.2 2 1
github.com/itsjustabavaar/oh-my-gosh/internal/user/user.go:26.47,29.100 2 1
github.com/itsjustabavaar/oh-my-gosh/internal/user/user.go:29.100,31.3 1 1
github.com/itsjustabavaar/oh-my-gosh/internal/user/user.go:33.2,34.16 2 1
github.com/itsjustabavaar/oh-my-gosh/internal/user/user.go:34.16,36.3 1 0
github.com/itsjustabavaar/oh-my-gosh/internal/user/user.go:38.2,44.60 2 1
github.com/itsjustabavaar/oh-my-gosh/internal/user/user.go:44.60,46.3 1 0
github.com/itsjustabavaar/oh-my-gosh/internal/user/user.go:48.2,48.12 1 1
github.com/itsjustabavaar/oh-my-gosh/internal/user/user.go:51.40,52.102 1 1
github.com/itsjustabavaar/oh-my-gosh/internal/user/user.go:52.102,54.3 1 0
github.com/itsjustabavaar/oh-my-gosh/internal/user/user.go:55.2,55.12 1 1
github.com/itsjustabavaar/oh-my-gosh/internal/user/user.go:58.61,61.92 2 1
github.com/itsjustabavaar/oh-my-gosh/internal/user/user.go:61.92,63.3 1 1
github.com/itsjustabavaar/oh-my-gosh/internal/user/user.go:65.2,66.9 2 1
github.com/itsjustabavaar/oh-my-gosh/internal/user/user.go:66.9,68.3 1 1
github.com/itsjustabavaar/oh-my-gosh/internal/user/user.go:70.2,72.59 2 1
github.com/itsjustabavaar/oh-my-gosh/internal/user/user.go:72.59,74.3 1 0
github.com/itsjustabavaar/oh-my-gosh/internal/user/user.go:76.2,76.19 1 1
github.com/itsjustabavaar/oh-my-gosh/utils/utils.go:15.65,18.39 3 0
github.com/itsjustabavaar/oh-my-gosh/utils/utils.go:18.39,19.22 1 0
github.com/itsjustabavaar/oh-my-gosh/utils/utils.go:19.22,21.4 1 0
github.com/itsjustabavaar/oh-my-gosh/utils/utils.go:23.2,23.25 1 0
github.com/itsjustabavaar/oh-my-gosh/utils/utils.go:26.26,29.31 2 0
github.com/itsjustabavaar/oh-my-gosh/utils/utils.go:29.31,31.3 1 0
github.com/itsjustabavaar/oh-my-gosh/utils/utils.go:31.8,33.3 1 0
github.com/itsjustabavaar/oh-my-gosh/utils/utils.go:35.2,38.16 3 0
github.com/itsjustabavaar/oh-my-gosh/utils/utils.go:38.16,40.3 1 0
github.com/itsjustabavaar/oh-my-gosh/utils/utils.go:42.2,42.12 1 0
github.com/itsjustabavaar/oh-my-gosh/utils/utils.go:45.48,48.2 2 0
github.com/itsjustabavaar/oh-my-gosh/utils/utils.go:50.41,52.2 1 0
github.com/itsjustabavaar/oh-my-gosh/utils/utils.go:54.33,56.2 1 0
github.com/itsjustabavaar/oh-my-gosh/utils/utils.go:58.24,61.16 2 0
github.com/itsjustabavaar/oh-my-gosh/utils/utils.go:61.16,64.3 2 0
github.com/itsjustabavaar/oh-my-gosh/utils/utils.go:65.2,69.12 3 0
github.com/itsjustabavaar/oh-my-gosh/utils/utils.go:69.12,73.3 3 0
github.com/itsjustabavaar/oh-my-gosh/utils/utils.go:76.35,79.40 2 0
github.com/itsjustabavaar/oh-my-gosh/utils/utils.go:79.40,81.3 1 0
github.com/itsjustabavaar/oh-my-gosh/utils/utils.go:83.2,84.16 2 0
github.com/itsjustabavaar/oh-my-gosh/utils/utils.go:84.16,86.3 1 0
github.com/itsjustabavaar/oh-my-gosh/utils/utils.go:88.2,88.72 1 0
github.com/itsjustabavaar/oh-my-gosh/utils/utils.go:88.72,90.3 1 0
github.com/itsjustabavaar/oh-my-gosh/utils/utils.go:92.2,92.25 1 0
github.com/itsjustabavaar/oh-my-gosh/cmd/handler/handler.go:12.33,17.9 3 1
github.com/itsjustabavaar/oh-my-gosh/cmd/handler/handler.go:18.43,19.47 1 1
github.com/itsjustabavaar/oh-my-gosh/cmd/handler/handler.go:20.41,21.45 1 1
github.com/itsjustabavaar/oh-my-gosh/cmd/handler/handler.go:22.42,23.34 1 1
github.com/itsjustabavaar/oh-my-gosh/cmd/handler/handler.go:24.42,25.34 1 1
github.com/itsjustabavaar/oh-my-gosh/cmd/handler/handler.go:26.40,27.53 1 1
github.com/itsjustabavaar/oh-my-gosh/cmd/handler/handler.go:28.40,29.53 1 1
github.com/itsjustabavaar/oh-my-gosh/cmd/handler/handler.go:30.39,31.40 1 1
github.com/itsjustabavaar/oh-my-gosh/cmd/handler/handler.go:32.39,33.52 1 1
github.com/itsjustabavaar/oh-my-gosh/cmd/handler/handler.go:34.38,35.51 1 1
github.com/itsjustabavaar/oh-my-gosh/cmd/handler/handler.go:36.37,37.41 1 1
github.com/itsjustabavaar/oh-my-gosh/cmd/handler/handler.go:38.40,39.41 1 1
github.com/itsjustabavaar/oh-my-gosh/cmd/handler/handler.go:40.43,41.56 1 1
github.com/itsjustabavaar/oh-my-gosh/cmd/handler/handler.go:42.40,43.53 1 1
github.com/itsjustabavaar/oh-my-gosh/cmd/handler/handler.go:44.10,45.56 1 1
github.com/itsjustabavaar/oh-my-gosh/cmd/handler/handler.go:48.2,50.34 2 1
github.com/itsjustabavaar/oh-my-gosh/internal/auth/add_user.go:16.36,20.25 3 1
github.com/itsjustabavaar/oh-my-gosh/internal/auth/add_user.go:21.9,23.9 2 1
github.com/itsjustabavaar/oh-my-gosh/internal/auth/add_user.go:24.9,25.27 1 1
github.com/itsjustabavaar/oh-my-gosh/internal/auth/add_user.go:26.9,27.52 1 1
github.com/itsjustabavaar/oh-my-gosh/internal/auth/add_user.go:28.10,30.9 2 1
github.com/itsjustabavaar/oh-my-gosh/internal/auth/add_user.go:33.2,34.16 2 1
github.com/itsjustabavaar/oh-my-gosh/internal/auth/add_user.go:34.16,37.3 2 1
github.com/itsjustabavaar/oh-my-gosh/internal/auth/add_user.go:39.2,40.29 2 1
github.com/itsjustabavaar/oh-my-gosh/internal/auth/login.go:16.34,20.25 3 1
github.com/itsjustabavaar/oh-my-gosh/internal/auth/login.go:21.9,23.9 2 1
github.com/itsjustabavaar/oh-my-gosh/internal/auth/login.go:24.9,25.27 1 1
github.com/itsjustabavaar/oh-my-gosh/internal/auth/login.go:26.9,27.52 1 1
github.com/itsjustabavaar/oh-my-gosh/internal/auth/login.go:28.10,30.9 2 1
github.com/itsjustabavaar/oh-my-gosh/internal/auth/login.go:33.2,34.16 2 1
github.com/itsjustabavaar/oh-my-gosh/internal/auth/login.go:34.16,37.3 2 1
github.com/itsjustabavaar/oh-my-gosh/internal/auth/login.go:39.2,43.29 3 1
github.com/itsjustabavaar/oh-my-gosh/internal/auth/logout.go:15.35,16.37 1 1
github.com/itsjustabavaar/oh-my-gosh/internal/auth/logout.go:16.37,19.3 2 1
github.com/itsjustabavaar/oh-my-gosh/internal/auth/logout.go:21.2,25.29 3 1
github.com/itsjustabavaar/oh-my-gosh/internal/auth/whoami.go:12.35,15.37 2 1
github.com/itsjustabavaar/oh-my-gosh/internal/auth/whoami.go:15.37,17.3 1 1
github.com/itsjustabavaar/oh-my-gosh/internal/auth/whoami.go:19.2,19.29 1 1
github.com/itsjustabavaar/oh-my-gosh/internal/basiccommands/cat.go:17.32,20.26 2 1
github.com/itsjustabavaar/oh-my-gosh/internal/basiccommands/cat.go:20.26,23.3 2 1
github.com/itsjustabavaar/oh-my-gosh/internal/basiccommands/cat.go:25.2,25.39 1 1
github.com/itsjustabavaar/oh-my-gosh/internal/basiccommands/cat.go:25.39,27.20 2 1
github.com/itsjustabavaar/oh-my-gosh/internal/basiccommands/cat.go:27.20,29.12 2 1
github.com/itsjustabavaar/oh-my-gosh/internal/basiccommands/cat.go:31.3,31.33 1 1
github.com/itsjustabavaar/oh-my-gosh/internal/basiccommands/cat.go:35.47,40.20 3 1
github.com/itsjustabavaar/oh-my-gosh/internal/basiccommands/cat.go:40.20,41.29 1 1
github.com/itsjustabavaar/oh-my-gosh/internal/basiccommands/cat.go:41.29,43.4 1 1
github.com/itsjustabavaar/oh-my-gosh/internal/basiccommands/cat.go:45.3,45.42 1 0
github.com/itsjustabavaar/oh-my-gosh/internal/basiccommands/cat.go:48.2,48.28 1 1
github.com/itsjustabavaar/oh-my-gosh/internal/basiccommands/cat.go:48.28,50.3 1 1
github.com/itsjustabavaar/oh-my-gosh/internal/basiccommands/cat.go:52.2,56.24 3 1
github.com/itsjustabavaar/oh-my-gosh/internal/basiccommands/cd.go:21.31,30.9 5 1
github.com/itsjustabavaar/oh-my-gosh/internal/basiccommands/cd.go:32.28,35.9 3 1
github.com/itsjustabavaar/oh-my-gosh/internal/basiccommands/cd.go:37.27,39.9 2 1
github.com/itsjustabavaar/oh-my-gosh/internal/basiccommands/cd.go:41.10,41.10 0 1
github.com/itsjustabavaar/oh-my-gosh/internal/basiccommands/cd.go:45.2,47.9 2 1
github.com/itsjustabavaar/oh-my-gosh/internal/basiccommands/cd.go:49.35,51.30 2 1
github.com/itsjustabavaar/oh-my-gosh/internal/basiccommands/cd.go:51.30,53.4 1 1
github.com/itsjustabavaar/oh-my-gosh/internal/basiccommands/cd.go:54.3,54.43 1 1
github.com/itsjustabavaar/oh-my-gosh/internal/basiccommands/cd.go:56.52,57.86 1 1
github.com/itsjustabavaar/oh-my-gosh/internal/basiccommands/cd.go:59.10,62.44 3 1
github.com/itsjustabavaar/oh-my-gosh/internal/basiccommands/cd.go:62.44,65.39 3 1
github.com/itsjustabavaar/oh-my-gosh/internal/basiccommands/cd.go:65.39,69.5 3 1
github.com/itsjustabavaar/oh-my-gosh/internal/basiccommands/cd.go:74.2,75.16 2 1
github.com/itsjustabavaar/oh-my-gosh/internal/basiccommands/cd.go:75.16,78.31 2 1
github.com/itsjustabavaar/oh-my-gosh/internal/basiccommands/cd.go:78.31,79.11 1 1
github.com/itsjustabavaar/oh-my-gosh/internal/basiccommands/cd.go:80.48,82.11 2 1
github.com/itsjustabavaar/oh-my-gosh/internal/basiccommands/cd.go:83.12,85.11 2 0
github.com/itsjustabavaar/oh-my-gosh/internal/basiccommands/cd.go:90.2,100.29 6 1
github.com/itsjustabavaar/oh-my-gosh/internal/basiccommands/echo.go:14.33,16.82 2 1
github.com/itsjustabavaar/oh-my-gosh/internal/basiccommands/echo.go:16.82,19.3 2 1
github.com/itsjustabavaar/oh-my-gosh/internal/basiccommands/echo.go:20.2,20.84 1 1
github.com/itsjustabavaar/oh-my-gosh/internal/basiccommands/echo.go:20.84,23.3 2 1
github.com/itsjustabavaar/oh-my-gosh/internal/basiccommands/echo.go:25.2,27.39 2 1
github.com/itsjustabavaar/oh-my-gosh/internal/basiccommands/echo.go:27.39,28.36 1 1
github.com/itsjustabavaar/oh-my-gosh/internal/basiccommands/echo.go:28.36,32.45 2 1
github.com/itsjustabavaar/oh-my-gosh/internal/basiccommands/echo.go:32.45,34.5 1 1
github.com/itsjustabavaar/oh-my-gosh/internal/basiccommands/echo.go:36.4,36.45 1 1
github.com/itsjustabavaar/oh-my-gosh/internal/basiccommands/echo.go:39.3,39.28 1 1
github.com/itsjustabavaar/oh-my-gosh/internal/basiccommands/echo.go:42.2,42.51 1 1
github.com/itsjustabavaar/oh-my-gosh/internal/basiccommands/echo.go:45.54,50.41 3 1
github.com/itsjustabavaar/oh-my-gosh/internal/basiccommands/echo.go:50.41,53.14 2 1
github.com/itsjustabavaar/oh-my-gosh/internal/basiccommands/echo.go:53.14,54.66 1 1
github.com/itsjustabavaar/oh-my-gosh/internal/basiccommands/echo.go:54.66,56.5 1 1
github.com/itsjustabavaar/oh-my-gosh/internal/basiccommands/echo.go:56.10,58.5 1 1
github.com/itsjustabavaar/oh-my-gosh/internal/basiccommands/echo.go:59.4,59.19 1 1
github.com/itsjustabavaar/oh-my-gosh/internal/basiccommands/echo.go:60.9,60.23 1 1
github.com/itsjustabavaar/oh-my-gosh/internal/basiccommands/echo.go:60.23,62.4 1 1
github.com/itsjustabavaar/oh-my-gosh/internal/basiccommands/echo.go:62.9,62.22 1 1
github.com/itsjustabavaar/oh-my-gosh/internal/basiccommands/echo.go:62.22,63.31 1 1
github.com/itsjustabavaar/oh-my-gosh/internal/basiccommands/echo.go:63.31,71.36 3 1
github.com/itsjustabavaar/oh-my-gosh/internal/basiccommands/echo.go:71.36,73.6 1 1
github.com/itsjustabavaar/oh-my-gosh/internal/basiccommands/echo.go:75.5,75.26 1 1
github.com/itsjustabavaar/oh-my-gosh/internal/basiccommands/echo.go:75.26,79.6 3 1
github.com/itsjustabavaar/oh-my-gosh/internal/basiccommands/echo.go:79.11,81.6 1 0
github.com/itsjustabavaar/oh-my-gosh/internal/basiccommands/echo.go:82.10,84.5 1 0
github.com/itsjustabavaar/oh-my-gosh/internal/basiccommands/echo.go:85.9,87.4 1 1
github.com/itsjustabavaar/oh-my-gosh/internal/basiccommands/echo.go:90.2,90.13 1 1
github.com/itsjustabavaar/oh-my-gosh/internal/basiccommands/echo.go:90.13,92.3 1 0
github.com/itsjustabavaar/oh-my-gosh/internal/basiccommands/echo.go:94.2,94.15 1 1
github.com/itsjustabavaar/oh-my-gosh/internal/basiccommands/exit.go:17.33,21.25 3 1
github.com/itsjustabavaar/oh-my-gosh/internal/basiccommands/exit.go:21.25,24.3 2 1
github.com/itsjustabavaar/oh-my-gosh/internal/basiccommands/exit.go:26.2,26.26 1 1
github.com/itsjustabavaar/oh-my-gosh/internal/basiccommands/exit.go:26.26,29.3 2 1
github.com/itsjustabavaar/oh-my-gosh/internal/basiccommands/exit.go:29.8,31.17 2 1
github.com/itsjustabavaar/oh-my-gosh/internal/basiccommands/exit.go:31.17,34.4 2 1
github.com/itsjustabavaar/oh-my-gosh/internal/basiccommands/exit.go:36.3,36.19 1 0
github.com/itsjustabavaar/oh-my-gosh/internal/basiccommands/exit.go:39.2,39.21 1 1
github.com/itsjustabavaar/oh-my-gosh/internal/basiccommands/exit.go:39.21,41.3 1 1
github.com/itsjustabavaar/oh-my-gosh/internal/basiccommands/gosh.go:11.33,14.2 2 1
github.com/itsjustabavaar/oh-my-gosh/internal/basiccommands/history.go:27.36,30.53 2 1
github.com/itsjustabavaar/oh-my-gosh/internal/basiccommands/history.go:30.53,32.25 2 1
github.com/itsjustabavaar/oh-my-gosh/internal/basiccommands/history.go:32.25,35.4 2 0
github.com/itsjustabavaar/oh-my-gosh/internal/basiccommands/history.go:36.3,37.9 2 1
github.com/itsjustabavaar/oh-my-gosh/internal/basiccommands/history.go:40.2,43.37 3 1
github.com/itsjustabavaar/oh-my-gosh/internal/basiccommands/history.go:43.37,45.17 2 1
github.com/itsjustabavaar/oh-my-gosh/internal/basiccommands/history.go:45.17,48.4 2 0
github.com/itsjustabavaar/oh-my-gosh/internal/basiccommands/history.go:49.8,51.17 2 1
github.com/itsjustabavaar/oh-my-gosh/internal/basiccommands/history.go:51.17,54.4 2 0
github.com/itsjustabavaar/oh-my-gosh/internal/basiccommands/history.go:57.2,59.29 2 1
github.com/itsjustabavaar/oh-my-gosh/internal/basiccommands/history.go:62.62,69.2 2 1
github.com/itsjustabavaar/oh-my-gosh/internal/basiccommands/history.go:71.42,77.2 2 1
github.com/itsjustabavaar/oh-my-gosh/internal/basiccommands/history.go:79.46,80.42 1 1
github.com/itsjustabavaar/oh-my-gosh/internal/basiccommands/history.go:80.42,81.38 1 1
github.com/itsjustabavaar/oh-my-gosh/internal/basiccommands/history.go:81.38,83.4 1 1
github.com/itsjustabavaar/oh-my-gosh/internal/basiccommands/history.go:83.9,85.18 2 1
github.com/itsjustabavaar/oh-my-gosh/internal/basiccommands/history.go:85.18,87.5 1 0
github.com/itsjustabavaar/oh-my-gosh/internal/basiccommands/history.go:90.2,90.12 1 1
github.com/itsjustabavaar/oh-my-gosh/internal/basiccommands/history.go:93.57,107.16 3 1
github.com/itsjustabavaar/oh-my-gosh/internal/basiccommands/history.go:107.16,109.3 1 0
github.com/itsjustabavaar/oh-my-gosh/internal/basiccommands/history.go:111.2,113.33 2 1
github.com/itsjustabavaar/oh-my-gosh/internal/basiccommands/history.go:113.33,119.3 1 1
github.com/itsjustabavaar/oh-my-gosh/internal/basiccommands/history.go:121.2,121.23 1 1
github.com/itsjustabavaar/oh-my-gosh/internal/basiccommands/history.go:124.62,127.46 2 1
github.com/itsjustabavaar/oh-my-gosh/internal/basiccommands/history.go:127.46,128.26 1 1
github.com/itsjustabavaar/oh-my-gosh/internal/basiccommands/history.go:128.26,129.12 1 1
github.com/itsjustabavaar/oh-my-gosh/internal/basiccommands/history.go:132.3,133.14 2 1
github.com/itsjustabavaar/oh-my-gosh/internal/basiccommands/history.go:133.14,139.4 1 1
github.com/itsjustabavaar/oh-my-gosh/internal/basiccommands/history.go:139.9,142.49 2 0
github.com/itsjustabavaar/oh-my-gosh/internal/basiccommands/history.go:142.49,144.5 1 0
github.com/itsjustabavaar/oh-my-gosh/internal/basiccommands/history.go:148.2,149.37 2 1
github.com/itsjustabavaar/oh-my-gosh/internal/basiccommands/history.go:149.37,151.3 1 1
github.com/itsjustabavaar/oh-my-gosh/internal/basiccommands/history.go:153.2,153.44 1 1
github.com/itsjustabavaar/oh-my-gosh/internal/basiccommands/history.go:153.44,154.47 1 0
github.com/itsjustabavaar/oh-my-gosh/internal/basiccommands/history.go:154.47,156.4 1 0
github.com/itsjustabavaar/oh-my-gosh/internal/basiccommands/history.go:158.3,158.64 1 0
github.com/itsjustabavaar/oh-my-gosh/internal/basiccommands/history.go:161.2,161.23 1 1
github.com/itsjustabavaar/oh-my-gosh/internal/basiccommands/history.go:164.67,165.25 1 1
github.com/itsjustabavaar/oh-my-gosh/internal/basiccommands/history.go:165.25,167.3 1 1
github.com/itsjustabavaar/oh-my-gosh/internal/basiccommands/history.go:169.2,170.36 2 1
github.com/itsjustabavaar/oh-my-gosh/internal/basiccommands/history.go:170.36,171.46 1 1
github.com/itsjustabavaar/oh-my-gosh/internal/basiccommands/history.go:171.46,173.4 1 1
github.com/itsjustabavaar/oh-my-gosh/internal/basiccommands/history.go:176.2,178.36 2 1
github.com/itsjustabavaar/oh-my-gosh/internal/basiccommands/history.go:178.36,189.3 9 1
github.com/itsjustabavaar/oh-my-gosh/internal/basiccommands/history.go:191.2,191.41 1 1
github.com/itsjustabavaar/oh-my-gosh/internal/basiccommands/history.go:194.27,195.37 1 1
github.com/itsjustabavaar/oh-my-gosh/internal/basiccommands/history.go:195.37,198.3 2 1
github.com/itsjustabavaar/oh-my-gosh/internal/basiccommands/history.go:200.2,202.12 2 1
github.com/itsjustabavaar/oh-my-gosh/internal/basiccommands/home.go:15.33,21.2 3 1
github.com/itsjustabavaar/oh-my-gosh/internal/basiccommands/pwd.go:14.32,17.2 2 1
github.com/itsjustabavaar/oh-my-gosh/internal/basiccommands/type.go:20.33,22.26 2 1
github.com/itsjustabavaar/oh-my-gosh/internal/basiccommands/type.go:22.26,25.3 2 1
github.com/itsjustabavaar/oh-my-gosh/internal/basiccommands/type.go:27.2,27.39 1 1
github.com/itsjustabavaar/oh-my-gosh/internal/basiccommands/type.go:27.39,29.32 2 1
github.com/itsjustabavaar/oh-my-gosh/internal/basiccommands/type.go:29.32,30.54 1 1
github.com/itsjustabavaar/oh-my-gosh/internal/basiccommands/type.go:30.54,34.5 3 1
github.com/itsjustabavaar/oh-my-gosh/internal/basiccommands/type.go:36.3,37.17 2 1
github.com/itsjustabavaar/oh-my-gosh/internal/basiccommands/type.go:37.17,39.12 2 1
github.com/itsjustabavaar/oh-my-gosh/internal/basiccommands/type.go:42.3,42.28 1 1
github.com/itsjustabavaar/oh-my-gosh/internal/basiccommands/type.go:46.52,48.49 2 1
github.com/itsjustabavaar/oh-my-gosh/internal/basiccommands/type.go:48.49,50.3 1 1
github.com/itsjustabavaar/oh-my-gosh/internal/basiccommands/type.go:52.2,55.22 3 1
github.com/itsjustabavaar/oh-my-gosh/internal/basiccommands/type.go:56.17,58.24 2 1
github.com/itsjustabavaar/oh-my-gosh/internal/basiccommands/type.go:59.15,60.50 1 0
github.com/itsjustabavaar/oh-my-gosh/internal/basiccommands/type.go:61.10,62.36 1 0
github.com/itsjustabavaar/oh-my-gosh/internal/basiccommands/type.go:65.2,65.41 1 1
github.com/itsjustabavaar/oh-my-gosh/internal/basiccommands/type.go:65.41,67.17 2 1
github.com/itsjustabavaar/oh-my-gosh/internal/basiccommands/type.go:67.17,69.4 1 0
github.com/itsjustabavaar/oh-my-gosh/internal/basiccommands/type.go:71.3,71.9 1 1
github.com/itsjustabavaar/oh-my-gosh/internal/basiccommands/type.go:71.9,73.4 1 1
github.com/itsjustabavaar/oh-my-gosh/internal/basiccommands/type.go:76.2,76.70 1 1
github.com/itsjustabavaar/oh-my-gosh/internal/basiccommands/type.go:79.67,83.16 3 1
github.com/itsjustabavaar/oh-my-gosh/internal/basiccommands/type.go:83.16,85.3 1 1
github.com/itsjustabavaar/oh-my-gosh/internal/basiccommands/type.go:87.2,87.24 1 1
github.com/itsjustabavaar/oh-my-gosh/internal/basiccommands/type.go:87.24,89.3 1 1
github.com/itsjustabavaar/oh-my-gosh/internal/basiccommands/type.go:91.2,91.19 1 0
github.com/itsjustabavaar/oh-my-gosh/internal/database/database.go:20.13,32.16 3 1
github.com/itsjustabavaar/oh-my-gosh/internal/database/database.go:32.16,34.13 2 0
github.com/itsjustabavaar/oh-my-gosh/internal/database/database.go:37.2,37.14 1 1
github.com/itsjustabavaar/oh-my-gosh/internal/database/database.go:40.23,42.2 1 1
github.com/itsjustabavaar/oh-my-gosh/internal/models/migrations.go:7.35,9.16 2 0
github.com/itsjustabavaar/oh-my-gosh/internal/models/migrations.go:9.16,11.3 1 0
github.com/itsjustabavaar/oh-my-gosh/internal/models/migrations.go:13.2,14.16 2 0
github.com/itsjustabavaar/oh-my-gosh/internal/models/migrations.go:14.16,16.3 1 0
github.com/itsjustabavaar/oh-my-gosh/internal/models/migrations.go:18.2,18.12 1 0
github.com/itsjustabavaar/oh-my-gosh/internal/redirections/redirections.go:11.63,14.30 2 1
github.com/itsjustabavaar/oh-my-gosh/internal/redirections/redirections.go:14.30,18.62 3 1
github.com/itsjustabavaar/oh-my-gosh/internal/redirections/redirections.go:18.62,20.18 2 1
github.com/itsjustabavaar/oh-my-gosh/internal/redirections/redirections.go:20.18,24.5 2 0
github.com/itsjustabavaar/oh-my-gosh/internal/redirections/redirections.go:26.4,27.15 2 1
github.com/itsjustabavaar/oh-my-gosh/internal/redirections/redirections.go:33.2,33.12 1 1
github.com/itsjustabavaar/oh-my-gosh/internal/redirections/redirections.go:36.88,40.26 3 1
github.com/itsjustabavaar/oh-my-gosh/internal/redirections/redirections.go:42.17,44.17 2 1
github.com/itsjustabavaar/oh-my-gosh/internal/redirections/redirections.go:44.17,46.4 1 0
github.com/itsjustabavaar/oh-my-gosh/internal/redirections/redirections.go:48.3,48.29 1 1
github.com/itsjustabavaar/oh-my-gosh/internal/redirections/redirections.go:50.19,52.17 2 1
github.com/itsjustabavaar/oh-my-gosh/internal/redirections/redirections.go:52.17,54.4 1 0
github.com/itsjustabavaar/oh-my-gosh/internal/redirections/redirections.go:56.3,56.29 1 1
github.com/itsjustabavaar/oh-my-gosh/internal/redirections/redirections.go:58.12,60.17 2 1
github.com/itsjustabavaar/oh-my-gosh/internal/redirections/redirections.go:60.17,62.4 1 0
github.com/itsjustabavaar/oh-my-gosh/internal/redirections/redirections.go:64.3,64.28 1 1
github.com/itsjustabavaar/oh-my-gosh/internal/redirections/redirections.go:66.13,68.17 2 1
github.com/itsjustabavaar/oh-my-gosh/internal/redirections/redirections.go:68.17,70.4 1 0
github.com/itsjustabavaar/oh-my-gosh/internal/redirections/redirections.go:72.3,72.28 1 1
github.com/itsjustabavaar/oh-my-gosh/internal/redirections/redirections.go:74.12,76.17 2 1
github.com/itsjustabavaar/oh-my-gosh/internal/redirections/redirections.go:76.17,78.4 1 0
github.com/itsjustabavaar/oh-my-gosh/internal/redirections/redirections.go:80.3,80.55 1 1
github.com/itsjustabavaar/oh-my-gosh/internal/redirections/redirections.go:82.13,84.17 2 1
github.com/itsjustabavaar/oh-my-gosh/internal/redirections/redirections.go:84.17,86.4 1 0
github.com/itsjustabavaar/oh-my-gosh/internal/redirections/redirections.go:88.3,88.55 1 1
github.com/itsjustabavaar/oh-my-gosh/internal/redirections/redirections.go:91.2,91.18 1 1
github.com/itsjustabavaar/oh-my-gosh/internal/redirections/redirections.go:94.78,95.28 1 1
github.com/itsjustabavaar/oh-my-gosh/internal/redirections/redirections.go:95.28,98.3 2 1
github.com/itsjustabavaar/oh-my-gosh/internal/redirections/redirections.go:100.2,100.26 1 1
github.com/itsjustabavaar/oh-my-gosh/internal/redirections/redirections.go:100.26,102.17 2 1
github.com/itsjustabavaar/oh-my-gosh/internal/redirections/redirections.go:102.17,104.4 1 0
github.com/itsjustabavaar/oh-my-gosh/internal/redirections/redirections.go:106.3,106.19 1 1
github.com/itsjustabavaar/oh-my-gosh/internal/redirections/redirections.go:109.2,109.34 1 0
github.com/itsjustabavaar/oh-my-gosh/internal/redirections/redirections.go:112.31,114.16 2 1
github.com/itsjustabavaar/oh-my-gosh/internal/redirections/redirections.go:114.16,116.3 1 1
github.com/itsjustabavaar/oh-my-gosh/internal/redirections/redirections.go:119.35,122.38 2 1
github.com/itsjustabavaar/oh-my-gosh/internal/redirections/redirections.go:122.38,124.3 1 1
github.com/itsjustabavaar/oh-my-gosh/internal/redirections/redirections.go:126.2,126.37 1 1
github.com/itsjustabavaar/oh-my-gosh/internal/redirections/redirections.go:126.37,128.3 1 1
github.com/itsjustabavaar/oh-my-gosh/internal/systemcommands/system_commands.go:18.35,22.31 3 1
github.com/itsjustabavaar/oh-my-gosh/internal/systemcommands/system_commands.go:22.31,24.9 2 1
github.com/itsjustabavaar/oh-my-gosh/internal/systemcommands/system_commands.go:24.9,28.4 3 1
github.com/itsjustabavaar/oh-my-gosh/internal/systemcommands/system_commands.go:31.2,32.16 2 1
github.com/itsjustabavaar/oh-my-gosh/internal/systemcommands/system_commands.go:32.16,35.3 2 0
github.com/itsjustabavaar/oh-my-gosh/internal/systemcommands/system_commands.go:36.2,41.16 4 1
github.com/itsjustabavaar/oh-my-gosh/internal/systemcommands/system_commands.go:41.16,44.3 2 0
github.com/itsjustabavaar/oh-my-gosh/internal/systemcommands/system_commands.go:46.2,47.8 2 1
github.com/itsjustabavaar/oh-my-gosh/utils/utils.go:15.65,18.39 3 1
github.com/itsjustabavaar/oh-my-gosh/utils/utils.go:18.39,19.22 1 1
github.com/itsjustabavaar/oh-my-gosh/utils/utils.go:19.22,21.4 1 1
github.com/itsjustabavaar/oh-my-gosh/utils/utils.go:23.2,23.25 1 1
github.com/itsjustabavaar/oh-my-gosh/utils/utils.go:26.26,29.31 2 0
github.com/itsjustabavaar/oh-my-gosh/utils/utils.go:29.31,31.3 1 0
github.com/itsjustabavaar/oh-my-gosh/utils/utils.go:31.8,33.3 1 0
github.com/itsjustabavaar/oh-my-gosh/utils/utils.go:35.2,38.16 3 0
github.com/itsjustabavaar/oh-my-gosh/utils/utils.go:38.16,40.3 1 0
github.com/itsjustabavaar/oh-my-gosh/utils/utils.go:42.2,42.12 1 0
github.com/itsjustabavaar/oh-my-gosh/utils/utils.go:45.48,48.2 2 1
github.com/itsjustabavaar/oh-my-gosh/utils/utils.go:50.41,52.2 1 1
github.com/itsjustabavaar/oh-my-gosh/utils/utils.go:54.33,56.2 1 1
github.com/itsjustabavaar/oh-my-gosh/utils/utils.go:58.24,61.16 2 0
github.com/itsjustabavaar/oh-my-gosh/utils/utils.go:61.16,64.3 2 0
github.com/itsjustabavaar/oh-my-gosh/utils/utils.go:65.2,69.12 3 0
github.com/itsjustabavaar/oh-my-gosh/utils/utils.go:69.12,73.3 3 0
github.com/itsjustabavaar/oh-my-gosh/utils/utils.go:76.35,79.40 2 0
github.com/itsjustabavaar/oh-my-gosh/utils/utils.go:79.40,81.3 1 0
github.com/itsjustabavaar/oh-my-gosh/utils/utils.go:83.2,84.16 2 0
github.com/itsjustabavaar/oh-my-gosh/utils/utils.go:84.16,86.3 1 0
github.com/itsjustabavaar/oh-my-gosh/utils/utils.go:88.2,88.72 1 0
github.com/itsjustabavaar/oh-my-gosh/utils/utils.go:88.72,90.3 1 0
github.com/itsjustabavaar/oh-my-gosh/utils/utils.go:92.2,92.25 1 0
